com.anthaathi.engine.jpa_graphql_mapper.filter.generator.StringFilterGeneratorTest.createType=[
InputObjectTypeDefinition{name='StringComparisonExp', directives=[], inputValueDefinitions=[InputValueDefinition{name='_eq', type=TypeName{name='String'}, defaultValue=null, directives=[]}, InputValueDefinition{name='_gt', type=TypeName{name='String'}, defaultValue=null, directives=[]}, InputValueDefinition{name='_gte', type=TypeName{name='String'}, defaultValue=null, directives=[]}, InputValueDefinition{name='_ilike', type=TypeName{name='String'}, defaultValue=null, directives=[]}, InputValueDefinition{name='_in', type=ListType{type=NonNullType{type=TypeName{name='String'}}}, defaultValue=null, directives=[]}, InputValueDefinition{name='_iregex', type=TypeName{name='String'}, defaultValue=null, directives=[]}, InputValueDefinition{name='_is_null', type=TypeName{name='Boolean'}, defaultValue=null, directives=[]}, InputValueDefinition{name='_like', type=TypeName{name='String'}, defaultValue=null, directives=[]}, InputValueDefinition{name='_lt', type=TypeName{name='String'}, defaultValue=null, directives=[]}, InputValueDefinition{name='_lte', type=TypeName{name='String'}, defaultValue=null, directives=[]}, InputValueDefinition{name='_neq', type=TypeName{name='String'}, defaultValue=null, directives=[]}, InputValueDefinition{name='_nilike', type=TypeName{name='String'}, defaultValue=null, directives=[]}, InputValueDefinition{name='_nin', type=ListType{type=NonNullType{type=TypeName{name='String'}}}, defaultValue=null, directives=[]}, InputValueDefinition{name='_niregex', type=TypeName{name='String'}, defaultValue=null, directives=[]}, InputValueDefinition{name='_nlike', type=TypeName{name='String'}, defaultValue=null, directives=[]}, InputValueDefinition{name='_nregex', type=TypeName{name='String'}, defaultValue=null, directives=[]}, InputValueDefinition{name='_nsimilar', type=TypeName{name='String'}, defaultValue=null, directives=[]}, InputValueDefinition{name='_regex', type=TypeName{name='String'}, defaultValue=null, directives=[]}, InputValueDefinition{name='_similar', type=TypeName{name='String'}, defaultValue=null, directives=[]}]}
]